// Vitest Snapshot v1

exports[`Render component 1`] = `
<a
  href="https://www.pokemon.com/us/pokedex/unown"
  rel="noopener noreferrer"
  target="_blank"
>
  <img
    alt="unown image"
    className="gallery__item__img"
    src="https://img.pokemondb.net/artwork/large/unown.jpg"
  />
  <div
    className="gallery__item__caption"
  >
    Unown
  </div>
</a>
`;
