// Vitest Snapshot v1

exports[`Render component 1`] = `
<div
  className="search__item"
>
  <label>
    unown
  </label>
  <input
    className="sc-gtsrHT akHhg"
    onChange={[Function]}
    placeholder="検索してください"
    type="text"
    value="unown"
  />
</div>
`;
